
[1m[30m[46m RUN [49m[39m[22m [36mv4.1.4 [39m[90mC:/Users/iwans/Desktop/Dev/Iron_Rurik_App[39m

 [32mтЬУ[39m src/features/bookings/__tests__/service.test.ts [2m([22m[2m11 tests[22m[2m)[22m[32m 25[2mms[22m[39m
 [32mтЬУ[39m src/lib/__tests__/datetime.test.ts [2m([22m[2m17 tests[22m[2m)[22m[32m 28[2mms[22m[39m
 [31mтЭп[39m src/features/bookings/__tests__/qr.test.ts [2m([22m[2m3 tests[22m[2m | [22m[31m3 failed[39m[2m)[22m[32m 199[2mms[22m[39m
[31m     [31m├Ч[31m creates and verifies a signed token[39m[32m 190[2mms[22m[39m
[31m     [31m├Ч[31m rejects a tampered token[39m[32m 4[2mms[22m[39m
[31m     [31m├Ч[31m rejects an expired token[39m[32m 3[2mms[22m[39m
 [32mтЬУ[39m src/features/auth/__tests__/password.test.ts [2m([22m[2m4 tests[22m[2m)[22m[32m 8[2mms[22m[39m
 [32mтЬУ[39m src/features/sessions/__tests__/schemas.test.ts [2m([22m[2m10 tests[22m[2m)[22m[32m 16[2mms[22m[39m
 [32mтЬУ[39m src/features/gym-schedule/__tests__/service.test.ts [2m([22m[2m2 tests[22m[2m)[22m[32m 28[2mms[22m[39m
 [32mтЬУ[39m src/lib/__tests__/prisma-read.test.ts [2m([22m[2m2 tests[22m[2m)[22m[33m 319[2mms[22m[39m
 [32mтЬУ[39m src/features/bookings/__tests__/queries.test.ts [2m([22m[2m3 tests[22m[2m)[22m[32m 11[2mms[22m[39m
 [32mтЬУ[39m src/features/auth/__tests__/schemas.test.ts [2m([22m[2m10 tests[22m[2m)[22m[32m 11[2mms[22m[39m
 [32mтЬУ[39m src/features/auth/__tests__/actions.test.ts [2m([22m[2m2 tests[22m[2m)[22m[32m 12[2mms[22m[39m
 [32mтЬУ[39m src/components/ui/badge.test.tsx [2m([22m[2m4 tests[22m[2m)[22m[32m 58[2mms[22m[39m
 [32mтЬУ[39m src/features/trainer/__tests__/actions.test.ts [2m([22m[2m6 tests[22m[2m)[22m[32m 20[2mms[22m[39m
 [32mтЬУ[39m src/features/workouts/__tests__/actions.test.ts [2m([22m[2m2 tests[22m[2m)[22m[32m 11[2mms[22m[39m
 [31mтЭп[39m src/components/admin/__tests__/status-badges.test.tsx [2m([22m[2m8 tests[22m[2m | [22m[31m4 failed[39m[2m)[22m[32m 105[2mms[22m[39m
[31m       [31m├Ч[31m renders scheduled status correctly[39m[32m 56[2mms[22m[39m
       [32mтЬУ[39m renders cancelled status correctly[32m 12[2mms[22m[39m
       [32mтЬУ[39m renders active status[32m 4[2mms[22m[39m
[31m       [31m├Ч[31m renders expired status[39m[32m 5[2mms[22m[39m
[31m       [31m├Ч[31m renders pending status[39m[32m 16[2mms[22m[39m
[31m       [31m├Ч[31m renders no_show status[39m[32m 4[2mms[22m[39m
       [32mтЬУ[39m renders true value[32m 3[2mms[22m[39m
       [32mтЬУ[39m renders false value[32m 3[2mms[22m[39m
 [32mтЬУ[39m src/components/ui/button.test.tsx [2m([22m[2m5 tests[22m[2m)[22m[33m 332[2mms[22m[39m
 [31mтЭп[39m src/components/ui/input.test.tsx [2m([22m[2m4 tests[22m[2m | [22m[31m3 failed[39m[2m)[22m[33m 359[2mms[22m[39m
     [32mтЬУ[39m renders correctly[32m 56[2mms[22m[39m
[31m     [31m├Ч[31m handles value changes[39m[32m 245[2mms[22m[39m
[31m     [31m├Ч[31m is disabled when disabled prop is true[39m[32m 29[2mms[22m[39m
[31m     [31m├Ч[31m applies aria-invalid when invalid[39m[32m 26[2mms[22m[39m
 [31mтЭп[39m src/components/ui/dialog.test.tsx [2m([22m[2m2 tests[22m[2m | [22m[31m1 failed[39m[2m)[22m[33m 345[2mms[22m[39m
     [33m[2mтЬУ[22m[39m renders trigger and opens content on click [33m 328[2mms[22m[39m
[31m     [31m├Ч[31m closes when close button is clicked[39m[32m 15[2mms[22m[39m
 [31mтЭп[39m src/features/bookings/components/__tests__/cancel-booking-button.test.tsx [2m([22m[2m3 tests[22m[2m | [22m[31m1 failed[39m[2m)[22m[33m 384[2mms[22m[39m
     [32mтЬУ[39m renders with given label[32m 267[2mms[22m[39m
     [32mтЬУ[39m renders with default label if not provided[32m 62[2mms[22m[39m
[31m     [31m├Ч[31m shows confirmation dialog when clicked[39m[32m 53[2mms[22m[39m
 [32mтЬУ[39m src/features/sessions/__tests__/actions.test.ts [2m([22m[2m1 test[22m[2m)[22m[32m 14[2mms[22m[39m
 [32mтЬУ[39m src/features/workouts/__tests__/queries.test.ts [2m([22m[2m4 tests[22m[2m)[22m[32m 11[2mms[22m[39m
 [32mтЬУ[39m src/features/trainer/__tests__/queries.test.ts [2m([22m[2m3 tests[22m[2m)[22m[32m 11[2mms[22m[39m
 [32mтЬУ[39m src/proxy.test.ts [2m([22m[2m4 tests[22m[2m)[22m[32m 12[2mms[22m[39m
 [32mтЬУ[39m src/features/memberships/__tests__/actions.test.ts [2m([22m[2m1 test[22m[2m)[22m[32m 13[2mms[22m[39m
 [32mтЬУ[39m src/features/workouts/__tests__/schemas.test.ts [2m([22m[2m3 tests[22m[2m)[22m[32m 7[2mms[22m[39m
 [32mтЬУ[39m src/features/trainer/__tests__/schemas.test.ts [2m([22m[2m3 tests[22m[2m)[22m[32m 8[2mms[22m[39m
 [32mтЬУ[39m src/lib/__tests__/formatters.test.ts [2m([22m[2m14 tests[22m[2m)[22m[32m 6[2mms[22m[39m
 [32mтЬУ[39m src/features/auth/__tests__/role.test.ts [2m([22m[2m3 tests[22m[2m)[22m[32m 4[2mms[22m[39m
 [32mтЬУ[39m src/lib/email/__tests__/notifications.test.ts [2m([22m[2m3 tests[22m[2m)[22m[32m 6[2mms[22m[39m
 [32mтЬУ[39m src/lib/__tests__/prisma-errors.test.ts [2m([22m[2m3 tests[22m[2m)[22m[32m 3[2mms[22m[39m
 [32mтЬУ[39m src/features/memberships/__tests__/issue-membership.test.ts [2m([22m[2m1 test[22m[2m)[22m[32m 4[2mms[22m[39m
 [32mтЬУ[39m src/config/navigation.test.ts [2m([22m[2m4 tests[22m[2m)[22m[32m 3[2mms[22m[39m
 [32mтЬУ[39m src/lib/supabase/__tests__/transport.test.ts [2m([22m[2m3 tests[22m[2m)[22m[32m 2[2mms[22m[39m
 [32mтЬУ[39m src/features/sessions/__tests__/cancel-session.test.ts [2m([22m[2m1 test[22m[2m)[22m[32m 4[2mms[22m[39m

[2m Test Files [22m [1m[31m5 failed[39m[22m[2m | [22m[1m[32m28 passed[39m[22m[90m (33)[39m
[2m      Tests [22m [1m[31m12 failed[39m[22m[2m | [22m[1m[32m137 passed[39m[22m[90m (149)[39m
[2m   Start at [22m 14:34:15
[2m   Duration [22m 6.12s[2m (transform 1.88s, setup 6.64s, import 9.76s, tests 2.38s, environment 63.15s)[22m

